[limpidthemesdemo.com/Themeforest/html/Pathshala/Pathshala-HTML/dashboard/admin-dashboard.html]
[backblue.gif]
[fade.gif]
[index.html]
[limpidthemesdemo.com/Themeforest/html/Pathshala/Pathshala-HTML/dashboard/assets/img/parent/parent2.jpg]
[limpidthemesdemo.com/Themeforest/html/Pathshala/Pathshala-HTML/dashboard/assets/img/parent/parent1.jpg]
[limpidthemesdemo.com/Themeforest/html/Pathshala/Pathshala-HTML/dashboard/admin-add-student.html]
[limpidthemesdemo.com/Themeforest/html/Pathshala/Pathshala-HTML/dashboard/admin-student-list.html]
[limpidthemesdemo.com/Themeforest/html/Pathshala/Pathshala-HTML/dashboard/admin-add-teacher.html]
[limpidthemesdemo.com/Themeforest/html/Pathshala/Pathshala-HTML/dashboard/admin-teacher-list.html]
[limpidthemesdemo.com/Themeforest/html/Pathshala/Pathshala-HTML/dashboard/message.html]
[limpidthemesdemo.com/Themeforest/html/Pathshala/Pathshala-HTML/dashboard/admin-add-announcement.html]
[limpidthemesdemo.com/Themeforest/html/Pathshala/Pathshala-HTML/dashboard/admin-add-class.html]
[limpidthemesdemo.com/Themeforest/html/Pathshala/Pathshala-HTML/dashboard/admin-add-section.html]
[limpidthemesdemo.com/Themeforest/html/Pathshala/Pathshala-HTML/dashboard/admin-add-subject.html]
[limpidthemesdemo.com/Themeforest/html/Pathshala/Pathshala-HTML/dashboard/admin-create-timetable.html]
[limpidthemesdemo.com/Themeforest/html/Pathshala/Pathshala-HTML/dashboard/admin-class-timetable.html]
[limpidthemesdemo.com/Themeforest/html/Pathshala/Pathshala-HTML/dashboard/teacher-attendence-report.html]
[limpidthemesdemo.com/Themeforest/html/Pathshala/Pathshala-HTML/dashboard/teacher-marks-report.html]
[limpidthemesdemo.com/Themeforest/html/Pathshala/Pathshala-HTML/dashboard/assets/js/jQuery_v3_2_0.min.js]
[limpidthemesdemo.com/Themeforest/html/Pathshala/Pathshala-HTML/dashboard/assets/js/jquery-ui.min.js]
[limpidthemesdemo.com/Themeforest/html/Pathshala/Pathshala-HTML/dashboard/assets/js/bootstrap.min.js]
[limpidthemesdemo.com/Themeforest/html/Pathshala/Pathshala-HTML/dashboard/assets/plugins/owl.carousel.min.js]
[limpidthemesdemo.com/Themeforest/html/Pathshala/Pathshala-HTML/dashboard/assets/plugins/Chart.min.js]
[limpidthemesdemo.com/Themeforest/html/Pathshala/Pathshala-HTML/dashboard/assets/plugins/jquery.dataTables.min.js]
[limpidthemesdemo.com/Themeforest/html/Pathshala/Pathshala-HTML/dashboard/assets/plugins/dataTables.responsive.min.js]
[limpidthemesdemo.com/Themeforest/html/Pathshala/Pathshala-HTML/dashboard/assets/js/js.js]
[limpidthemesdemo.com/Themeforest/html/Pathshala/Pathshala-HTML/dashboard/admin-dashboard.html]
[limpidthemesdemo.com/Themeforest/html/Pathshala/Pathshala-HTML/dashboard/assets/fonts/glyphicons-halflings-regular.eot]
[limpidthemesdemo.com/Themeforest/html/Pathshala/Pathshala-HTML/dashboard/assets/fonts/glyphicons-halflings-regulard41d.eot]
[limpidthemesdemo.com/Themeforest/html/Pathshala/Pathshala-HTML/dashboard/assets/fonts/glyphicons-halflings-regular.woff2]
[limpidthemesdemo.com/Themeforest/html/Pathshala/Pathshala-HTML/dashboard/assets/fonts/glyphicons-halflings-regular.woff]
[limpidthemesdemo.com/Themeforest/html/Pathshala/Pathshala-HTML/dashboard/assets/fonts/glyphicons-halflings-regular.ttf]
[limpidthemesdemo.com/Themeforest/html/Pathshala/Pathshala-HTML/dashboard/assets/fonts/glyphicons-halflings-regular.svg]
[limpidthemesdemo.com/Themeforest/html/Pathshala/Pathshala-HTML/dashboard/assets/css/bootstrap.min.css]
[limpidthemesdemo.com/Themeforest/html/Pathshala/Pathshala-HTML/dashboard/assets/css/chartist.min.css]
[limpidthemesdemo.com/Themeforest/html/Pathshala/Pathshala-HTML/dashboard/assets/css/owl.video.play.png]
[limpidthemesdemo.com/Themeforest/html/Pathshala/Pathshala-HTML/dashboard/assets/css/owl.carousel.min.css]
[limpidthemesdemo.com/Themeforest/html/Pathshala/Pathshala-HTML/dashboard/assets/css/owl.theme.default.min.css]
[limpidthemesdemo.com/Themeforest/html/Pathshala/Pathshala-HTML/dashboard/assets/css/style.css]
[limpidthemesdemo.com/Themeforest/html/Pathshala/Pathshala-HTML/dashboard/assets/fonts/font-awesome/fonts/fontawesome-webfont3e6e.eot]
[limpidthemesdemo.com/Themeforest/html/Pathshala/Pathshala-HTML/dashboard/assets/fonts/font-awesome/fonts/fontawesome-webfontd41d.eot]
[limpidthemesdemo.com/Themeforest/html/Pathshala/Pathshala-HTML/dashboard/assets/fonts/font-awesome/fonts/fontawesome-webfont3e6e.woff2]
[limpidthemesdemo.com/Themeforest/html/Pathshala/Pathshala-HTML/dashboard/assets/fonts/font-awesome/fonts/fontawesome-webfont3e6e.woff]
[limpidthemesdemo.com/Themeforest/html/Pathshala/Pathshala-HTML/dashboard/assets/fonts/font-awesome/fonts/fontawesome-webfont3e6e.ttf]
[limpidthemesdemo.com/Themeforest/html/Pathshala/Pathshala-HTML/dashboard/assets/fonts/font-awesome/css/font-awesome.min.css]
[limpidthemesdemo.com/Themeforest/html/Pathshala/Pathshala-HTML/dashboard/admin-add-student.html]
[limpidthemesdemo.com/Themeforest/html/Pathshala/Pathshala-HTML/dashboard/admin-student-list.html]
[limpidthemesdemo.com/Themeforest/html/Pathshala/Pathshala-HTML/dashboard/admin-add-teacher.html]
[limpidthemesdemo.com/Themeforest/html/Pathshala/Pathshala-HTML/dashboard/admin-teacher-list.html]
[limpidthemesdemo.com/Themeforest/html/Pathshala/Pathshala-HTML/dashboard/message.html]
[limpidthemesdemo.com/Themeforest/html/Pathshala/Pathshala-HTML/dashboard/admin-add-announcement.html]
[limpidthemesdemo.com/Themeforest/html/Pathshala/Pathshala-HTML/dashboard/admin-add-class.html]
[limpidthemesdemo.com/Themeforest/html/Pathshala/Pathshala-HTML/dashboard/admin-add-section.html]
[limpidthemesdemo.com/Themeforest/html/Pathshala/Pathshala-HTML/dashboard/admin-add-subject.html]
[limpidthemesdemo.com/Themeforest/html/Pathshala/Pathshala-HTML/dashboard/admin-create-timetable.html]
[limpidthemesdemo.com/Themeforest/html/Pathshala/Pathshala-HTML/dashboard/admin-class-timetable.html]
[limpidthemesdemo.com/Themeforest/html/Pathshala/Pathshala-HTML/dashboard/teacher-dashboard.html]
[limpidthemesdemo.com/Themeforest/html/Pathshala/Pathshala-HTML/dashboard/teacher-create-assignment.html]
[limpidthemesdemo.com/Themeforest/html/Pathshala/Pathshala-HTML/dashboard/teacher-assignment-download.html]
[limpidthemesdemo.com/Themeforest/html/Pathshala/Pathshala-HTML/dashboard/teacher-mark-student-attendence.html]
[limpidthemesdemo.com/Themeforest/html/Pathshala/Pathshala-HTML/dashboard/teacher-view-student-attendence.html]
[limpidthemesdemo.com/Themeforest/html/Pathshala/Pathshala-HTML/dashboard/teacher-add-student-marks.html]
[limpidthemesdemo.com/Themeforest/html/Pathshala/Pathshala-HTML/dashboard/teacher-view-student-marks.html]
[limpidthemesdemo.com/Themeforest/html/Pathshala/Pathshala-HTML/dashboard/teacher-timetable.html]
[limpidthemesdemo.com/Themeforest/html/Pathshala/Pathshala-HTML/dashboard/teacher-attendence-report.html]
[limpidthemesdemo.com/Themeforest/html/Pathshala/Pathshala-HTML/dashboard/teacher-marks-report.html]
[limpidthemesdemo.com/Themeforest/html/Pathshala/Pathshala-HTML/dashboard/assets/fonts/glyphicons-halflings-regular.html]
[limpidthemesdemo.com/Themeforest/html/Pathshala/Pathshala-HTML/dashboard/assets/fonts/glyphicons-halflings-regulard41d.html]
[limpidthemesdemo.com/Themeforest/html/Pathshala/Pathshala-HTML/dashboard/assets/fonts/glyphicons-halflings-regular-2.html]
[limpidthemesdemo.com/Themeforest/html/Pathshala/Pathshala-HTML/dashboard/assets/fonts/glyphicons-halflings-regular-3.html]
[limpidthemesdemo.com/Themeforest/html/Pathshala/Pathshala-HTML/dashboard/assets/fonts/glyphicons-halflings-regular-4.html]
[limpidthemesdemo.com/Themeforest/html/Pathshala/Pathshala-HTML/dashboard/assets/fonts/glyphicons-halflings-regular-5.html]
[limpidthemesdemo.com/Themeforest/html/Pathshala/Pathshala-HTML/dashboard/assets/css/owl.video.play.html]
[limpidthemesdemo.com/Themeforest/html/Pathshala/Pathshala-HTML/dashboard/assets/fonts/font-awesome/fonts/fontawesome-webfont3e6e.svg]
[limpidthemesdemo.com/Themeforest/html/Pathshala/Pathshala-HTML/dashboard/assets/images/sort_both.png]
[limpidthemesdemo.com/Themeforest/html/Pathshala/Pathshala-HTML/dashboard/assets/images/sort_asc.png]
[limpidthemesdemo.com/Themeforest/html/Pathshala/Pathshala-HTML/dashboard/assets/images/sort_desc.png]
[limpidthemesdemo.com/Themeforest/html/Pathshala/Pathshala-HTML/dashboard/assets/images/sort_asc_disabled.png]
[limpidthemesdemo.com/Themeforest/html/Pathshala/Pathshala-HTML/dashboard/assets/images/sort_desc_disabled.png]
[limpidthemesdemo.com/Themeforest/html/Pathshala/Pathshala-HTML/dashboard/assets/css/jquery.dataTables.min.css]
[limpidthemesdemo.com/Themeforest/html/Pathshala/Pathshala-HTML/dashboard/assets/css/responsive.dataTables.min.css]
[limpidthemesdemo.com/Themeforest/html/Pathshala/Pathshala-HTML/dashboard/teacher-dashboard.html]
[limpidthemesdemo.com/Themeforest/html/Pathshala/Pathshala-HTML/dashboard/teacher-create-assignment.html]
[limpidthemesdemo.com/Themeforest/html/Pathshala/Pathshala-HTML/dashboard/teacher-assignment-download.html]
[limpidthemesdemo.com/Themeforest/html/Pathshala/Pathshala-HTML/dashboard/teacher-mark-student-attendence.html]
[limpidthemesdemo.com/Themeforest/html/Pathshala/Pathshala-HTML/dashboard/teacher-view-student-attendence.html]
[limpidthemesdemo.com/Themeforest/html/Pathshala/Pathshala-HTML/dashboard/teacher-add-student-marks.html]
[limpidthemesdemo.com/Themeforest/html/Pathshala/Pathshala-HTML/dashboard/teacher-view-student-marks.html]
[limpidthemesdemo.com/Themeforest/html/Pathshala/Pathshala-HTML/dashboard/teacher-timetable.html]
[limpidthemesdemo.com/Themeforest/html/Pathshala/Pathshala-HTML/dashboard/assets/images/sort_both.html]
[limpidthemesdemo.com/Themeforest/html/Pathshala/Pathshala-HTML/dashboard/assets/images/sort_asc.html]
[limpidthemesdemo.com/Themeforest/html/Pathshala/Pathshala-HTML/dashboard/assets/images/sort_desc.html]
[limpidthemesdemo.com/Themeforest/html/Pathshala/Pathshala-HTML/dashboard/assets/images/sort_asc_disabled.html]
[limpidthemesdemo.com/Themeforest/html/Pathshala/Pathshala-HTML/dashboard/assets/images/sort_desc_disabled.html]
